[  601754ms] [LOG] [Fast Refresh] rebuilding @ http://localhost:3000/_next/static/chunks/node_modules_next_dist_0ifwd0~._.js:2971
[  601852ms] [LOG] [Fast Refresh] done in 199ms @ http://localhost:3000/_next/static/chunks/node_modules_next_dist_0ifwd0~._.js:2971
[ 1071001ms] [LOG] [Fast Refresh] rebuilding @ http://localhost:3000/_next/static/chunks/node_modules_next_dist_0ifwd0~._.js:2971
[ 1071012ms] [LOG] [Fast Refresh] done in 112ms @ http://localhost:3000/_next/static/chunks/node_modules_next_dist_0ifwd0~._.js:2971
[ 1391051ms] [ERROR] WebSocket connection to 'ws://localhost:3000/_next/webpack-hmr?id=E1qnkXI2spEzpEhuSY1Ba' failed: Error in connection establishment: net::ERR_CONNECTION_REFUSED @ http://localhost:3000/_next/static/chunks/node_modules_next_dist_client_0fhqo1d._.js:13362
[ 1392053ms] [ERROR] WebSocket connection to 'ws://localhost:3000/_next/webpack-hmr?id=E1qnkXI2spEzpEhuSY1Ba' failed: Error in connection establishment: net::ERR_CONNECTION_REFUSED @ http://localhost:3000/_next/static/chunks/node_modules_next_dist_client_0fhqo1d._.js:13362
[ 1393054ms] [ERROR] WebSocket connection to 'ws://localhost:3000/_next/webpack-hmr?id=E1qnkXI2spEzpEhuSY1Ba' failed: Error in connection establishment: net::ERR_CONNECTION_REFUSED @ http://localhost:3000/_next/static/chunks/node_modules_next_dist_client_0fhqo1d._.js:13362
[ 1394058ms] [ERROR] WebSocket connection to 'ws://localhost:3000/_next/webpack-hmr?id=E1qnkXI2spEzpEhuSY1Ba' failed: Error in connection establishment: net::ERR_CONNECTION_REFUSED @ http://localhost:3000/_next/static/chunks/node_modules_next_dist_client_0fhqo1d._.js:13362
[ 1395060ms] [ERROR] WebSocket connection to 'ws://localhost:3000/_next/webpack-hmr?id=E1qnkXI2spEzpEhuSY1Ba' failed: Error in connection establishment: net::ERR_CONNECTION_REFUSED @ http://localhost:3000/_next/static/chunks/node_modules_next_dist_client_0fhqo1d._.js:13362
[ 1403399ms] [LOG] [HMR] connected @ http://localhost:3000/_next/static/chunks/node_modules_next_dist_0ifwd0~._.js:2971
[ 1406488ms] [INFO] %cDownload the React DevTools for a better development experience: https://react.dev/link/react-devtools font-weight:bold @ http://localhost:3000/_next/static/chunks/node_modules_next_dist_0ifwd0~._.js:2971
[ 1406549ms] [LOG] [HMR] connected @ http://localhost:3000/_next/static/chunks/node_modules_next_dist_0ifwd0~._.js:2971
[ 1406789ms] [ERROR] Failed to load resource: the server responded with a status of 401 (Unauthorized) @ http://localhost:5000/api/v1/auth/me:0
[ 1406818ms] [LOG] %c[Vercel Web Analytics]%c Debug mode is enabled by default in development. No requests will be sent to the server. color: rgb(120, 120, 120) color: inherit @ http://localhost:3000/_next/static/chunks/node_modules_next_dist_0ifwd0~._.js:2971
[ 1406819ms] [LOG] %c[Vercel Web Analytics]%c Running queued event color: rgb(120, 120, 120) color: inherit pageview {route: /, path: /} @ http://localhost:3000/_next/static/chunks/node_modules_next_dist_0ifwd0~._.js:2971
[ 1406820ms] [LOG] %c[Vercel Web Analytics]%c [view] http://localhost:3000/ color: rgb(120, 120, 120) color: inherit {o: http://localhost:3000/, sv: 0.1.3, sdkn: @vercel/analytics/next, sdkv: 1.6.1, ts: 1783940357383} /_vercel/insights/view @ http://localhost:3000/_next/static/chunks/node_modules_next_dist_0ifwd0~._.js:2971
[ 1406882ms] [ERROR] Failed to load resource: the server responded with a status of 401 (Unauthorized) @ http://localhost:5000/api/v1/auth/me:0
[ 1406915ms] [ERROR] Failed to load resource: the server responded with a status of 401 (Unauthorized) @ http://localhost:5000/api/v1/auth/me:0
[ 1406922ms] [ERROR] Failed to load resource: the server responded with a status of 401 (Unauthorized) @ http://localhost:5000/api/v1/auth/me:0
[ 1430260ms] [LOG] [Fast Refresh] rebuilding @ http://localhost:3000/_next/static/chunks/node_modules_next_dist_0ifwd0~._.js:2971
[ 1430618ms] [LOG] [Fast Refresh] done in 458ms @ http://localhost:3000/_next/static/chunks/node_modules_next_dist_0ifwd0~._.js:2971
